
> bostechie@0.0.0 build
> vite build

[36mvite v7.3.1 [32mbuilding client environment for production...[36m[39m
transforming...
[32mΓ£ô[39m 3 modules transformed.
node.exe : 
[31mΓ£ù[39m Build 
failed in 92ms
At C:\Program Files\nod
ejs\npm.ps1:29 char:3
+   & $NODE_EXE 
$NPM_CLI_JS $args
+   ~~~~~~~~~~~~~~~~~~~
~~~~~~~~~~
    + CategoryInfo     
         : NotSpecifi  
  ed: ([31mΓ£ù[39m   
  Build failed in 9    
2ms:String) [], Re    
moteException
    + FullyQualifiedEr 
   rorId : NativeComm  
  andError
 
[31merror during 
build:
[31m[@tailwindcss/vite
:generate:build] 
Cannot apply unknown 
utility class `shadow-[
0_8px_32px_0_rgba(31,`
[31m
file: [36mD:/BosTechie
/src/index.css[31m
    at 
onInvalidCandidate (fil
e:///D:/BosTechie/node_
modules/tailwindcss/dis
t/chunk-L5IEUH3R.mjs:21
:1511)
    at $e (file:///D:/B
osTechie/node_modules/t
ailwindcss/dist/chunk-L
5IEUH3R.mjs:16:36740)
    at file:///D:/BosTe
chie/node_modules/tailw
indcss/dist/chunk-L5IEU
H3R.mjs:21:355
    at Ar (file:///D:/B
osTechie/node_modules/t
ailwindcss/dist/chunk-L
5IEUH3R.mjs:3:1733)
    at I (file:///D:/Bo
sTechie/node_modules/ta
ilwindcss/dist/chunk-L5
IEUH3R.mjs:3:1377)
    at Ce (file:///D:/B
osTechie/node_modules/t
ailwindcss/dist/chunk-L
5IEUH3R.mjs:21:172)
    at Gi (file:///D:/B
osTechie/node_modules/t
ailwindcss/dist/chunk-L
5IEUH3R.mjs:38:294)
    at async ao (file:/
//D:/BosTechie/node_mod
ules/tailwindcss/dist/c
hunk-L5IEUH3R.mjs:38:63
1)
    at async vf (file:/
//D:/BosTechie/node_mod
ules/tailwindcss/dist/c
hunk-L5IEUH3R.mjs:38:14
06)
    at async uu (file:/
//D:/BosTechie/node_mod
ules/@tailwindcss/node/
dist/index.mjs:10:3458)
[39m
